###############################################################################
#
# IAR ELF Linker V7.10.1.6676/W32 for ARM                 02/Mar/2017  18:01:40
# Copyright 2007-2014 IAR Systems AB.
#
#    Output file  =  
#        C:\Users\Administrator\Desktop\电磁节能程序\Prj\IAR\FN15_Debug\Exe\vcan_Kinetis.out
#    Map file     =  
#        C:\Users\Administrator\Desktop\电磁节能程序\Prj\IAR\FN15_Debug\List\vcan_Kinetis.map
#    Command line =  
#        C:\Users\Administrator\Desktop\电磁节能程序\Prj\IAR\FN15_Debug\Obj\diskio.o
#        C:\Users\Administrator\Desktop\电磁节能程序\Prj\IAR\FN15_Debug\Obj\ff.o
#        C:\Users\Administrator\Desktop\电磁节能程序\Prj\IAR\FN15_Debug\Obj\main.o
#        C:\Users\Administrator\Desktop\电磁节能程序\Prj\IAR\FN15_Debug\Obj\misc.o
#        C:\Users\Administrator\Desktop\电磁节能程序\Prj\IAR\FN15_Debug\Obj\MK60_adc.o
#        C:\Users\Administrator\Desktop\电磁节能程序\Prj\IAR\FN15_Debug\Obj\MK60_can.o
#        C:\Users\Administrator\Desktop\电磁节能程序\Prj\IAR\FN15_Debug\Obj\MK60_conf.o
#        C:\Users\Administrator\Desktop\电磁节能程序\Prj\IAR\FN15_Debug\Obj\MK60_dac.o
#        C:\Users\Administrator\Desktop\电磁节能程序\Prj\IAR\FN15_Debug\Obj\MK60_dma.o
#        C:\Users\Administrator\Desktop\电磁节能程序\Prj\IAR\FN15_Debug\Obj\MK60_DWT.o
#        C:\Users\Administrator\Desktop\电磁节能程序\Prj\IAR\FN15_Debug\Obj\MK60_flash.o
#        C:\Users\Administrator\Desktop\电磁节能程序\Prj\IAR\FN15_Debug\Obj\MK60_flexbus.o
#        C:\Users\Administrator\Desktop\电磁节能程序\Prj\IAR\FN15_Debug\Obj\MK60_ftm.o
#        C:\Users\Administrator\Desktop\电磁节能程序\Prj\IAR\FN15_Debug\Obj\MK60_gpio.o
#        C:\Users\Administrator\Desktop\电磁节能程序\Prj\IAR\FN15_Debug\Obj\MK60_i2c.o
#        C:\Users\Administrator\Desktop\电磁节能程序\Prj\IAR\FN15_Debug\Obj\MK60_it.o
#        C:\Users\Administrator\Desktop\电磁节能程序\Prj\IAR\FN15_Debug\Obj\MK60_lptmr.o
#        C:\Users\Administrator\Desktop\电磁节能程序\Prj\IAR\FN15_Debug\Obj\MK60_mcg.o
#        C:\Users\Administrator\Desktop\电磁节能程序\Prj\IAR\FN15_Debug\Obj\MK60_PIT.o
#        C:\Users\Administrator\Desktop\电磁节能程序\Prj\IAR\FN15_Debug\Obj\MK60_port.o
#        C:\Users\Administrator\Desktop\电磁节能程序\Prj\IAR\FN15_Debug\Obj\MK60_rtc.o
#        C:\Users\Administrator\Desktop\电磁节能程序\Prj\IAR\FN15_Debug\Obj\MK60_sdhc.o
#        C:\Users\Administrator\Desktop\电磁节能程序\Prj\IAR\FN15_Debug\Obj\MK60_spi.o
#        C:\Users\Administrator\Desktop\电磁节能程序\Prj\IAR\FN15_Debug\Obj\MK60_SysTick.o
#        C:\Users\Administrator\Desktop\电磁节能程序\Prj\IAR\FN15_Debug\Obj\MK60_uart.o
#        C:\Users\Administrator\Desktop\电磁节能程序\Prj\IAR\FN15_Debug\Obj\MK60_usb.o
#        C:\Users\Administrator\Desktop\电磁节能程序\Prj\IAR\FN15_Debug\Obj\MK60_wdog.o
#        C:\Users\Administrator\Desktop\电磁节能程序\Prj\IAR\FN15_Debug\Obj\motor_pid.o
#        C:\Users\Administrator\Desktop\电磁节能程序\Prj\IAR\FN15_Debug\Obj\OLED.o
#        C:\Users\Administrator\Desktop\电磁节能程序\Prj\IAR\FN15_Debug\Obj\servo.o
#        C:\Users\Administrator\Desktop\电磁节能程序\Prj\IAR\FN15_Debug\Obj\startup_MK60DZ10.o
#        C:\Users\Administrator\Desktop\电磁节能程序\Prj\IAR\FN15_Debug\Obj\system_MK60DZ10.o
#        C:\Users\Administrator\Desktop\电磁节能程序\Prj\IAR\FN15_Debug\Obj\USB.o
#        C:\Users\Administrator\Desktop\电磁节能程序\Prj\IAR\FN15_Debug\Obj\USB_CDC.o
#        C:\Users\Administrator\Desktop\电磁节能程序\Prj\IAR\FN15_Debug\Obj\VCAN_ASCII.o
#        C:\Users\Administrator\Desktop\电磁节能程序\Prj\IAR\FN15_Debug\Obj\VCAN_camera.o
#        C:\Users\Administrator\Desktop\电磁节能程序\Prj\IAR\FN15_Debug\Obj\VCAN_computer.o
#        C:\Users\Administrator\Desktop\电磁节能程序\Prj\IAR\FN15_Debug\Obj\vcan_img2sd.o
#        C:\Users\Administrator\Desktop\电磁节能程序\Prj\IAR\FN15_Debug\Obj\VCAN_key.o
#        C:\Users\Administrator\Desktop\电磁节能程序\Prj\IAR\FN15_Debug\Obj\VCAN_key_event.o
#        C:\Users\Administrator\Desktop\电磁节能程序\Prj\IAR\FN15_Debug\Obj\VCAN_LED.o
#        C:\Users\Administrator\Desktop\电磁节能程序\Prj\IAR\FN15_Debug\Obj\VCAN_MMA7455.o
#        C:\Users\Administrator\Desktop\电磁节能程序\Prj\IAR\FN15_Debug\Obj\VCAN_OV7725_Eagle.o
#        C:\Users\Administrator\Desktop\电磁节能程序\Prj\IAR\FN15_Debug\Obj\VCAN_RTC_count.o
#        C:\Users\Administrator\Desktop\电磁节能程序\Prj\IAR\FN15_Debug\Obj\VCAN_SCCB.o
#        C:\Users\Administrator\Desktop\电磁节能程序\Prj\IAR\FN15_Debug\Obj\Vcan_touch.o
#        C:\Users\Administrator\Desktop\电磁节能程序\Prj\IAR\FN15_Debug\Obj\vectors.o
#        --redirect _Printf=_PrintfLargeNoMb --redirect _Scanf=_ScanfLargeNoMb
#        -o
#        C:\Users\Administrator\Desktop\电磁节能程序\Prj\IAR\FN15_Debug\Exe\vcan_Kinetis.out
#        --map
#        C:\Users\Administrator\Desktop\电磁节能程序\Prj\IAR\FN15_Debug\List\vcan_Kinetis.map
#        --config "C:\Users\Administrator\Desktop\电磁节能程序\Prj\IAR\config
#        files\vcan_ROM_K60N1M.icf"
#        C:\Users\Administrator\Desktop\电磁节能程序\Prj\IAR\..\..\Lib\CMSIS\iar_cortexM4l_math.a
#        --entry __iar_program_start --redirect __write=__write_buffered --vfe
#
###############################################################################

*******************************************************************************
*** RUNTIME MODEL ATTRIBUTES
***

CppFlavor       = *
__SystemLibrary = DLib


*******************************************************************************
*** PLACEMENT SUMMARY
***

"A1":  place at 0x00000000 { ro section .intvec };
"A2":  place at 0x00000410 { ro section .noinit };
"P1":  place in [from 0x00000000 to 0x00100000] { ro, block CodeRelocate };
"P2":  place in [from 0x1fff0410 to 0x20010000] {
          rw, block CodeRelocateRam, block CSTACK, block HEAP };

  Section              Kind        Address    Size  Object
  -------              ----        -------    ----  ------
"A1":                                        0x410
  .intvec              const    0x00000000   0x410  vectors.o [1]
                              - 0x00000410   0x410

"P1", part 1 of 2:                             0x0
  .rodata              const    0x00000410     0x0  zero_init3.o [5]

"A2":                                          0x8
  .noinit              ro code  0x00000410     0x8  startup_MK60DZ10.o [1]
                              - 0x00000418     0x8

"P1", part 2 of 2:                          0x46fc
  .text                ro code  0x00000418   0xbe2  xprintflarge_nomb.o [3]
  .text                ro code  0x00000ffa    0x22  zero_init3.o [5]
  .text                ro code  0x0000101c    0x16  strchr.o [5]
  .text                ro code  0x00001034    0x36  strlen.o [5]
  .text                ro code  0x0000106c    0x58  memchr.o [5]
  .text                ro code  0x000010c4    0xee  I64DivMod.o [5]
  .text                ro code  0x000011b4    0x76  ABImemcpy_unaligned.o [5]
  .text                ro code  0x0000122a    0x42  xdnorm.o [4]
  .text                ro code  0x0000126c    0x2e  DblCmpLe.o [4]
  .text                ro code  0x0000129c   0x1a2  DblMul.o [4]
  .text                ro code  0x00001440   0x246  DblDiv.o [4]
  .text                ro code  0x00001688    0x2c  DblToI32.o [4]
  .text                ro code  0x000016b4    0x1c  I32ToDbl.o [4]
  .text                ro code  0x000016d0   0x180  DblSub.o [4]
  .text                ro code  0x00001850    0x6c  localeconv.o [3]
  .text                ro code  0x000018bc     0xe  div.o [3]
  .text                ro code  0x000018cc     0x2  I64DivZer.o [5]
  .text                ro code  0x000018d0    0xd4  DblAdd.o [4]
  .text                ro code  0x000019a4     0x2  xtls.o [3]
  .data_init                    0x000019a8   0x814  <Block>
    Initializer bytes  ro data  0x000019a8   0x814  <for .data-1> (used: 0x810)
  .text                ro code  0x000021bc   0x5f0  MK60_ftm.o [1]
  .text                ro code  0x000027ac    0xb0  MK60_port.o [1]
  Veneer               ro code  0x0000285c     0x8  - Linker created -
  Veneer               ro code  0x00002864     0x8  - Linker created -
  .text                ro code  0x0000286c   0x140  MK60_conf.o [1]
  .text                ro code  0x000029ac    0x70  VCAN_LED.o [1]
  .text                ro code  0x00002a1c    0x24  printf.o [3]
  .text                ro code  0x00002a40    0x64  MK60_SysTick.o [1]
  .text                ro code  0x00002aa4   0x2ac  MK60_uart.o [1]
  .text                ro code  0x00002d50    0x9c  VCAN_key.o [1]
  .text                ro code  0x00002dec   0x128  MK60_gpio.o [1]
  .text                ro code  0x00002f14   0x5da  main.o [1]
  .text                ro code  0x000034f0   0x478  OLED.o [1]
  .text                ro code  0x00003968    0x7c  MK60_PIT.o [1]
  .text                ro code  0x000039e4    0x50  misc.o [1]
  .text                ro code  0x00003a34   0x2b8  MK60_adc.o [1]
  .text                ro code  0x00003cec    0x94  servo.o [1]
  Veneer               ro code  0x00003d80     0x8  - Linker created -
  .text                ro code  0x00003d88   0x3d4  MK60_mcg.o [1]
  .rodata              const    0x0000415c   0x228  OLED.o [1]
  CodeRelocate                  0x00004384   0x1f0  <Block>
    Initializer bytes  ro data  0x00004384   0x1f0  <for CodeRelocateRam-1>
  .text                ro code  0x00004574   0x130  system_MK60DZ10.o [1]
  .text                ro code  0x000046a4    0x40  MK60_wdog.o [1]
  .rodata              const    0x000046e4    0x44  MK60_flash.o [1]
  .rodata              const    0x00004728    0x44  MK60_gpio.o [1]
  .rodata              const    0x0000476c    0x44  MK60_SysTick.o [1]
  .rodata              const    0x000047b0    0x44  MK60_uart.o [1]
  .rodata              const    0x000047f4    0x40  MK60_adc.o [1]
  .rodata              const    0x00004834    0x40  MK60_ftm.o [1]
  .rodata              const    0x00004874    0x40  MK60_PIT.o [1]
  .rodata              const    0x000048b4    0x3c  misc.o [1]
  .rodata              const    0x000048f0    0x3c  MK60_conf.o [1]
  .text                ro code  0x0000492c    0x28  data_init.o [5]
  .rodata              const    0x00004954    0x24  MK60_conf.o [1]
  .iar.init_table      const    0x00004978    0x10  - Linker created -
  .rodata              const    0x00004988    0x20  MK60_conf.o [1]
  .text                ro code  0x000049a8    0x1a  fpinit_M.o [4]
  .text                ro code  0x000049c4    0x1a  cmain.o [5]
  .text                ro code  0x000049de     0x4  low_level_init.o [3]
  .text                ro code  0x000049e2     0x4  exit.o [3]
  .text                ro code  0x000049e8     0xa  cexit.o [5]
  .text                ro code  0x000049f4     0xc  XXexit.o [5]
  .text                ro code  0x00004a00    0x16  xprout.o [3]
  .text                ro code  0x00004a18     0xc  putchar.o [3]
  .rodata              const    0x00004a24    0x14  MK60_conf.o [1]
  .rodata              const    0x00004a38     0xc  main.o [1]
  .rodata              const    0x00004a44     0xc  main.o [1]
  .text                ro code  0x00004a50     0xc  cstartup_M.o [5]
  .rodata              const    0x00004a5c     0x8  main.o [1]
  .rodata              const    0x00004a64     0x8  main.o [1]
  .rodata              const    0x00004a6c     0x8  main.o [1]
  .rodata              const    0x00004a74     0x8  main.o [1]
  .rodata              const    0x00004a7c     0x8  main.o [1]
  .rodata              const    0x00004a84     0x8  main.o [1]
  Initializer bytes    ro data  0x00004a8c    0x88  <for P2 s0>
                              - 0x00004b14  0x46fc

"P2", part 1 of 3:                           0xa00
  .data                         0x1fff0410   0x810  <Block>
    .data-1                     0x1fff0410   0x810  <Init block>
      .data            inited   0x1fff0410     0x2  main.o [1]
      .data            inited   0x1fff0412     0x1  main.o [1]
      .data            inited   0x1fff0414     0x2  main.o [1]
      .data            inited   0x1fff0416     0x2  main.o [1]
      .data            inited   0x1fff0418     0x8  MK60_adc.o [1]
      .data            inited   0x1fff0420   0x708  MK60_conf.o [1]
      .data            inited   0x1fff0b28    0x10  MK60_ftm.o [1]
      .data            inited   0x1fff0b38    0x14  MK60_gpio.o [1]
      .data            inited   0x1fff0b4c    0x58  MK60_mcg.o [1]
      .data            inited   0x1fff0ba4     0x4  MK60_mcg.o [1]
      .data            inited   0x1fff0ba8    0x14  MK60_port.o [1]
      .data            inited   0x1fff0bbc    0x18  MK60_uart.o [1]
      .data            inited   0x1fff0bd4     0x8  VCAN_key.o [1]
      .data            inited   0x1fff0bdc     0x4  VCAN_LED.o [1]
      .data            inited   0x1fff0be0    0x40  xfiles.o [3]
  CodeRelocateRam               0x1fff0c20   0x1f0  <Block>
    CodeRelocateRam-1           0x1fff0c20   0x1f0  <Init block>
      Veneer           inited   0x1fff0c20     0x8  - Linker created -
      Veneer           inited   0x1fff0c28     0x8  - Linker created -
      .textrw          inited   0x1fff0c30   0x190  MK60_flash.o [1]
      .textrw          inited   0x1fff0dc0    0x50  MK60_mcg.o [1]
                              - 0x1fff0e10   0xa00

"P2", part 2 of 3:                            0xe8
  .bss                          0x1fff0e10    0xe6  <Block>
    .bss               zero     0x1fff0e10     0xc  main.o [1]
    .bss               zero     0x1fff0e1c    0x50  main.o [1]
    .bss               zero     0x1fff0e6c    0x10  MK60_ftm.o [1]
    .bss               zero     0x1fff0e7c     0x8  servo.o [1]
    .bss               zero     0x1fff0e84     0xc  servo.o [1]
    .bss               zero     0x1fff0e90     0x4  servo.o [1]
    .bss               zero     0x1fff0e94     0x4  system_MK60DZ10.o [1]
    .bss               zero     0x1fff0e98     0x4  system_MK60DZ10.o [1]
    .bss               zero     0x1fff0e9c     0x4  system_MK60DZ10.o [1]
    .bss               zero     0x1fff0ea0    0x50  xfiles.o [3]
    .bss               zero     0x1fff0ef0     0x2  main.o [1]
    .bss               zero     0x1fff0ef2     0x2  main.o [1]
    .bss               zero     0x1fff0ef4     0x2  main.o [1]
                              - 0x1fff0ef6    0xe6

"P2", part 3 of 3:                            0x88
  P2 s0                         0x1fff0ef8    0x88  <Init block>
    __DLIB_PERTHREAD   inited   0x1fff0ef8    0x88  localeconv.o [3]
                              - 0x1fff0f80    0x88


*******************************************************************************
*** INIT TABLE
***

          Address     Size
          -------     ----
Zero (__iar_zero_init3)
    1 destination range, total size 0xe6:
          0x1fff0e10  0xe6



*******************************************************************************
*** MODULE SUMMARY
***

    Module                 ro code  rw code  ro data  rw data
    ------                 -------  -------  -------  -------
C:\Users\Administrator\Desktop\电磁节能程序\Prj\IAR\FN15_Debug\Obj: [1]
    MK60_PIT.o                 124                64
    MK60_SysTick.o             100                68
    MK60_adc.o                 696                72        8
    MK60_conf.o                320             1 948    1 800
    MK60_flash.o                        400      468
    MK60_ftm.o               1 520                80       32
    MK60_gpio.o                296                88       20
    MK60_mcg.o                 980       80      172       92
    MK60_port.o                176                20       20
    MK60_uart.o                684                92       24
    MK60_wdog.o                 64
    OLED.o                   1 144               552
    VCAN_LED.o                 112                 4        4
    VCAN_key.o                 156                 8        8
    main.o                   1 498                80      105
    misc.o                      80                60
    servo.o                    148                         24
    startup_MK60DZ10.o           8
    system_MK60DZ10.o          304                         12
    vectors.o                                  1 040
    ---------------------------------------------------------
    Total:                   8 410      480    4 816    2 149

command line: [2]
    ---------------------------------------------------------
    Total:

dl7M_tlf.a: [3]
    div.o                       14
    exit.o                       4
    localeconv.o               108               136      136
    low_level_init.o             4
    printf.o                    36
    putchar.o                   12
    xfiles.o                                      64      144
    xprintflarge_nomb.o      3 042
    xprout.o                    22
    xtls.o                       2
    ---------------------------------------------------------
    Total:                   3 244               200      280

m7M_tlv.a: [4]
    DblAdd.o                   212
    DblCmpLe.o                  46
    DblDiv.o                   582
    DblMul.o                   418
    DblSub.o                   384
    DblToI32.o                  44
    I32ToDbl.o                  28
    fpinit_M.o                  26
    xdnorm.o                    66
    ---------------------------------------------------------
    Total:                   1 806

rt7M_tl.a: [5]
    ABImemcpy_unaligned.o      118
    I64DivMod.o                238
    I64DivZer.o                  2
    XXexit.o                    12
    cexit.o                     10
    cmain.o                     26
    cstartup_M.o                12
    data_init.o                 40
    memchr.o                    88
    strchr.o                    22
    strlen.o                    54
    zero_init3.o                34
    ---------------------------------------------------------
    Total:                     656

    Gaps                        26                          1
    Linker created              24       16       36
-------------------------------------------------------------
    Grand Total:            14 166      496    5 052    2 430


*******************************************************************************
*** ENTRY LIST
***

Entry                      Address   Size  Type      Object
-----                      -------   ----  ----      ------
.bss$$Base              0x1fff0e10          --   Gb  - Linker created -
.bss$$Limit             0x1fff0ef6          --   Gb  - Linker created -
.data$$Base             0x1fff0410          --   Gb  - Linker created -
.data$$Limit            0x1fff0c20          --   Gb  - Linker created -
.data_init$$Base        0x000019a8          --   Gb  - Linker created -
.data_init$$Limit       0x000021bc          --   Gb  - Linker created -
?main                   0x000049c5         Code  Gb  cmain.o [5]
ADCN                    0x1fff0418    0x8  Data  Gb  MK60_adc.o [1]
ASSERT_FAILED_STR       0x00004954   0x24  Data  Gb  MK60_conf.o [1]
CodeRelocate$$Base      0x00004384          --   Gb  - Linker created -
CodeRelocate$$Limit     0x00004574          --   Gb  - Linker created -
CodeRelocateRam$$Base   0x1fff0c20          --   Gb  - Linker created -
CodeRelocateRam$$Limit  0x1fff0e10          --   Gb  - Linker created -
Display_number          0x0000379f  0x180  Code  Gb  OLED.o [1]
F6x8                    0x0000415c  0x228  Data  Gb  OLED.o [1]
FTMN                    0x1fff0b28   0x10  Data  Gb  MK60_ftm.o [1]
FTM_port_mux            0x000021bd  0x1ac  Code  Lc  MK60_ftm.o [1]
GPIOX                   0x1fff0b38   0x14  Data  Gb  MK60_gpio.o [1]
KEY_PTxn                0x1fff0bd4    0x8  Data  Gb  VCAN_key.o [1]
LED_PTxn                0x1fff0bdc    0x4  Data  Gb  VCAN_LED.o [1]
NVIC_EnableIRQ          0x00002f15   0x16  Code  Lc  main.o [1]
NVIC_EnableIRQ          0x00002aa5   0x16  Code  Lc  MK60_uart.o [1]
NVIC_SystemReset        0x0000286d   0x1a  Code  Lc  MK60_conf.o [1]
OLED_DLY_ms             0x000035f5   0x1c  Code  Gb  OLED.o [1]
OLED_Fill               0x000035b5   0x40  Code  Gb  OLED.o [1]
OLED_Init               0x00003611  0x112  Code  Gb  OLED.o [1]
OLED_P6x8Str            0x00003723   0x7c  Code  Gb  OLED.o [1]
OLED_Set_Pos            0x00003587   0x2e  Code  Gb  OLED.o [1]
OLED_WrCmd              0x0000353d   0x4a  Code  Gb  OLED.o [1]
OLED_WrDat              0x000034f1   0x4a  Code  Gb  OLED.o [1]
PIT0_IRQHandler         0x00003439   0x3e  Code  Gb  main.o [1]
PORTX                   0x1fff0ba8   0x14  Data  Gb  MK60_port.o [1]
Region$$Table$$Base     0x00004978          --   Gb  - Linker created -
Region$$Table$$Limit    0x00004988          --   Gb  - Linker created -
Reset_Handler           0x00000411         Code  Gb  startup_MK60DZ10.o [1]
UARTN                   0x1fff0bbc   0x18  Data  Gb  MK60_uart.o [1]
_GenldLargeNoMb         0x00000d7d  0x234  Code  Lc  xprintflarge_nomb.o [3]
_LdtobLargeNoMb         0x00000afd  0x27a  Code  Lc  xprintflarge_nomb.o [3]
_LitobLargeNoMb         0x000009f5  0x106  Code  Lc  xprintflarge_nomb.o [3]
_Locale_aeabi_lconv     0x1fff0f48   0x38  Data  Gb  localeconv.o [3]
_Locale_lconv           0x1fff0ef8   0x50  Data  Gb  localeconv.o [3]
_PrintfLargeNoMb        0x00000419  0x5d6  Code  Gb  xprintflarge_nomb.o [3]
_Prout                  0x00004a01   0x16  Code  Gb  xprout.o [3]
_PutcharsLargeNoMb      0x00000fb1   0x2e  Code  Lc  xprintflarge_nomb.o [3]
__BOOT_STACK_ADDRESS {Abs}
                        0x2000fff8          --   Gb  command line/config [2]
__VECTOR_RAM {Abs}      0x1fff0000          --   Gb  command line/config [2]
__VECTOR_TABLE {Abs}    0x00000000          --   Gb  command line/config [2]
__aeabi_cdcmple         0x0000126d         Code  Gb  DblCmpLe.o [4]
__aeabi_d2uiz           0x00001689         Code  Gb  DblToI32.o [4]
__aeabi_ddiv            0x00001441         Code  Gb  DblDiv.o [4]
__aeabi_dmul            0x0000129d         Code  Gb  DblMul.o [4]
__aeabi_dsub            0x000016d1         Code  Gb  DblSub.o [4]
__aeabi_ldiv0           0x000018cd         Code  Gb  I64DivZer.o [5]
__aeabi_ui2d            0x000016b5         Code  Gb  I32ToDbl.o [4]
__aeabi_uldivmod        0x000010c5         Code  Gb  I64DivMod.o [5]
__cmain                 0x000049c5         Code  Gb  cmain.o [5]
__code_start__ {Abs}    0x00000410          --   Gb  command line/config [2]
__exit                  0x000049f5         Code  Gb  XXexit.o [5]
__iar_Dnorm             0x0000122b   0x42  Code  Gb  xdnorm.o [4]
__iar_Locale_lconv_init
                        0x00001851   0x3a  Code  Gb  localeconv.o [3]
__iar_Memchr            0x0000106d         Code  Gb  memchr.o [5]
__iar_Stdout            0x1fff0be0   0x40  Data  Gb  xfiles.o [3]
__iar_Strchr            0x0000101d         Code  Gb  strchr.o [5]
__iar_d2uiz             0x00001695         Code  Gb  DblToI32.o [4]
__iar_dadd              0x000018d1         Code  Gb  DblAdd.o [4]
__iar_data_init3        0x0000492d   0x28  Code  Gb  data_init.o [5]
__iar_dlib_perthread_access
                        0x000019a5    0x2  Code  Gb  xtls.o [3]
__iar_dsub              0x000016e5         Code  Gb  DblSub.o [4]
__iar_dsubStart         0x000016f7         Code  Gb  DblSub.o [4]
__iar_init_vfp          0x000049a9         Code  Gb  fpinit_M.o [4]
__iar_program_start     0x00004a51         Code  Gb  cstartup_M.o [5]
__iar_ui2d              0x000016b9         Code  Gb  I32ToDbl.o [4]
__iar_unaligned___aeabi_memcpy
                        0x000011b5         Code  Gb  ABImemcpy_unaligned.o [5]
__iar_unaligned___aeabi_memcpy4
                        0x000011d5         Code  Gb  ABImemcpy_unaligned.o [5]
__iar_unaligned___aeabi_memcpy8
                        0x000011d5         Code  Gb  ABImemcpy_unaligned.o [5]
__iar_zero_init3        0x00000ffb   0x22  Code  Gb  zero_init3.o [5]
__low_level_init        0x000049df    0x4  Code  Gb  low_level_init.o [3]
__vector_table          0x00000000  0x410  Data  Gb  vectors.o [1]
_call_main              0x000049d1         Code  Gb  cmain.o [5]
_exit                   0x000049e9         Code  Gb  cexit.o [5]
_main                   0x000049db         Code  Gb  cmain.o [5]
adc_collect             0x00003335  0x104  Code  Gb  main.o [1]
adc_init                0x00003a35  0x20e  Code  Gb  MK60_adc.o [1]
adc_once                0x00003c43   0x50  Code  Gb  MK60_adc.o [1]
adc_start               0x00003c93   0x44  Code  Lc  MK60_adc.o [1]
adcm                    0x1fff0412    0x1  Data  Gb  main.o [1]
adcm2                   0x1fff0ef2    0x2  Data  Gb  main.o [1]
assert_failed           0x00002887   0x26  Code  Gb  MK60_conf.o [1]
bus_clk_khz             0x1fff0e9c    0x4  Data  Gb  system_MK60DZ10.o [1]
common_startup          0x000045d3   0x98  Code  Gb  system_MK60DZ10.o [1]
core_clk_khz            0x1fff0e94    0x4  Data  Gb  system_MK60DZ10.o [1]
core_clk_mhz            0x1fff0e98    0x4  Data  Gb  system_MK60DZ10.o [1]
default_isr             0x0000295b   0x30  Code  Gb  MK60_conf.o [1]
div                     0x000018bd    0xe  Code  Gb  div.o [3]
encode_init             0x0000321b    0xa  Code  Gb  main.o [1]
error                   0x1fff0e84    0xc  Data  Gb  servo.o [1]
exit                    0x000049e3    0x4  Code  Gb  exit.o [3]
flash_cmd               0x1fff0c31   0x20  Code  Gb  MK60_flash.o [1]
flash_erase_sector      0x1fff0c75   0x5c  Code  Gb  MK60_flash.o [1]
flash_init              0x1fff0c51   0x24  Code  Gb  MK60_flash.o [1]
flash_write             0x1fff0cd1   0xb4  Code  Gb  MK60_flash.o [1]
fputc                   0x000028ad   0x14  Code  Gb  MK60_conf.o [1]
ftm_mod                 0x1fff0e6c   0x10  Data  Lc  MK60_ftm.o [1]
ftm_pwm_duty            0x00002517  0x120  Code  Gb  MK60_ftm.o [1]
ftm_pwm_init            0x00002369  0x1ae  Code  Gb  MK60_ftm.o [1]
ftm_quad_clean          0x00002769   0x28  Code  Gb  MK60_ftm.o [1]
ftm_quad_get            0x0000273d   0x2c  Code  Gb  MK60_ftm.o [1]
ftm_quad_init           0x00002637  0x106  Code  Gb  MK60_ftm.o [1]
gpio_get                0x00002ed3   0x3a  Code  Gb  MK60_gpio.o [1]
gpio_init               0x00002ded   0xae  Code  Gb  MK60_gpio.o [1]
gpio_turn               0x00002e9b   0x38  Code  Gb  MK60_gpio.o [1]
init                    0x0000317b   0xa0  Code  Gb  main.o [1]
key_check               0x00002dbd   0x2a  Code  Gb  VCAN_key.o [1]
key_get                 0x00002da3   0x1a  Code  Gb  VCAN_key.o [1]
key_init                0x00002d51   0x52  Code  Gb  VCAN_key.o [1]
led_init                0x000029ad   0x3a  Code  Gb  VCAN_LED.o [1]
led_turn                0x000029e7   0x32  Code  Gb  VCAN_LED.o [1]
limit                   0x1fff0e90    0x4  Data  Gb  servo.o [1]
localeconv              0x0000188b   0x16  Code  Gb  localeconv.o [3]
main                    0x00002f2b   0x34  Code  Gb  main.o [1]
mcg_cfg                 0x1fff0b4c   0x58  Data  Gb  MK60_mcg.o [1]
mcg_div                 0x1fff0ba4    0x4  Data  Gb  MK60_mcg.o [1]
mcg_div_count           0x00003d89  0x304  Code  Gb  MK60_mcg.o [1]
memchr                  0x0000106d         Code  Gb  memchr.o [5]
motor                   0x000032f9   0x3c  Code  Gb  main.o [1]
obuf                    0x1fff0ea0   0x50  Data  Lc  xfiles.o [3]
oled_test               0x00003225   0xd4  Code  Gb  main.o [1]
path_judge              0x00002f5f  0x21c  Code  Gb  main.o [1]
pidduo                  0x1fff0ef0    0x2  Data  Gb  main.o [1]
pit_init                0x00003969   0x6c  Code  Gb  MK60_PIT.o [1]
pll_init                0x0000408d   0xb2  Code  Gb  MK60_mcg.o [1]
port_init               0x000027ad   0x44  Code  Gb  MK60_port.o [1]
port_init_NoALT         0x000027f1   0x62  Code  Gb  MK60_port.o [1]
printf                  0x00002a1d   0x24  Code  Gb  printf.o [3]
putchar                 0x00004a19    0xc  Code  Gb  putchar.o [3]
servo                   0x1fff0410    0x2  Data  Gb  main.o [1]
servo_angle             0x00003ced   0x94  Code  Gb  servo.o [1]
servopd                 0x1fff0e7c    0x8  Data  Gb  servo.o [1]
set_sys_dividers        0x1fff0dc1   0x50  Code  Gb  MK60_mcg.o [1]
set_vector_handler      0x00003a07   0x22  Code  Gb  misc.o [1]
sp                      0x1fff0ef4    0x2  Data  Gb  main.o [1]
speed_duty1             0x1fff0414    0x2  Data  Gb  main.o [1]
speed_duty2             0x1fff0416    0x2  Data  Gb  main.o [1]
start                   0x00004575   0x22  Code  Gb  system_MK60DZ10.o [1]
start_check             0x000028c1   0x9a  Code  Gb  MK60_conf.o [1]
strchr                  0x0000101d         Code  Gb  strchr.o [5]
strlen                  0x00001035         Code  Gb  strlen.o [5]
sysinit                 0x00004597   0x3c  Code  Gb  system_MK60DZ10.o [1]
systick_delay           0x00002a41   0x36  Code  Gb  MK60_SysTick.o [1]
systick_delay_ms        0x00002a77   0x18  Code  Gb  MK60_SysTick.o [1]
uart1_handler           0x000034d1   0x1e  Code  Gb  main.o [1]
uart_getchar            0x00002cd3   0x1e  Code  Gb  MK60_uart.o [1]
uart_init               0x00002abb  0x218  Code  Gb  MK60_uart.o [1]
uart_putchar            0x00002cf1   0x1a  Code  Gb  MK60_uart.o [1]
uart_rx_irq_en          0x00002d0b   0x2a  Code  Gb  MK60_uart.o [1]
value                   0x1fff0e1c   0x50  Data  Gb  main.o [1]
var                     0x1fff0e10    0xc  Data  Gb  main.o [1]
vector_str              0x1fff0420  0x708  Data  Gb  MK60_conf.o [1]
wdog_disable            0x000046a5   0x16  Code  Gb  MK60_wdog.o [1]
wdog_unlock             0x000046bb   0x20  Code  Lc  MK60_wdog.o [1]
write_vtor              0x000039e5   0x22  Code  Gb  misc.o [1]


[1] = C:\Users\Administrator\Desktop\电磁节能程序\Prj\IAR\FN15_Debug\Obj
[2] = command line
[3] = dl7M_tlf.a
[4] = m7M_tlv.a
[5] = rt7M_tl.a

  14 166 bytes of readonly  code memory
     496 bytes of readwrite code memory
   5 052 bytes of readonly  data memory
   2 430 bytes of readwrite data memory

Errors: none
Warnings: none
